// Jest Snapshot v1, https://goo.gl/fbAQLP

exports[`ResultsContainer component renders ResultsContainer 1`] = `
<Fragment>
  <div
    className="resultsContainer"
  >
    <h3>
      Results
    </h3>
    <hr />
    <Results
      item={
        Object {
          "test": "test",
        }
      }
      key="0"
    />
  </div>
</Fragment>
`;
