// Jest Snapshot v1, https://goo.gl/fbAQLP

exports[`HistoryList component renders HistoryList 1`] = `
<Fragment>
  <div
    className="historyContainer"
  >
    <h3>
      History
    </h3>
    <hr />
    <HistoryItem
      index={0}
      key="0"
      method="GET"
      onLoadHistoryItemClick={[Function]}
      url="http://jsonplaceholder.typicode.com/posts/5"
    />
    <button
      onClick={[Function]}
    >
      Clear History
    </button>
  </div>
</Fragment>
`;
